// Jest Snapshot v1, https://goo.gl/fbAQLP

exports[`should render Expense List correctly 1`] = `
<div>
  <ExpenseListItem
    amount={100}
    createdAt={0}
    description="rent bill"
    id="1"
    key="1"
    note=""
  />
  <ExpenseListItem
    amount={500}
    createdAt={-86400000}
    description="water bill"
    id="2"
    key="2"
    note=""
  />
  <ExpenseListItem
    amount={30}
    createdAt={432000000}
    description="cleaning bill"
    id="3"
    key="3"
    note=""
  />
</div>
`;
